172.16.238.10 - - [10/May/2024:11:02:46 +0000] "HEAD /devilbox-api/status.json HTTP/1.1" 200 - "-" "-"
172.16.238.10 - - [10/May/2024:11:02:47 +0000] "HEAD /devilbox-api/status.json HTTP/1.1" 200 - "-" "-"
172.16.238.10 - - [10/May/2024:11:02:47 +0000] "HEAD /devilbox-api/status.json HTTP/1.1" 200 - "-" "-"
192.168.0.11 - - [10/May/2024:11:02:46 +0000] "GET / HTTP/1.1" 200 32888 "-" "Mozilla/5.0 (Windows NT 10.0; Win64; x64; rv:126.0) Gecko/20100101 Firefox/126.0"
192.168.0.11 - - [10/May/2024:11:02:47 +0000] "GET /_ajax_callback.php?software=angular_cli HTTP/1.1" 200 24 "http://192.168.0.12/" "Mozilla/5.0 (Windows NT 10.0; Win64; x64; rv:126.0) Gecko/20100101 Firefox/126.0"
192.168.0.11 - - [10/May/2024:11:02:47 +0000] "GET /_ajax_callback.php?software=deployer HTTP/1.1" 200 20 "http://192.168.0.12/" "Mozilla/5.0 (Windows NT 10.0; Win64; x64; rv:126.0) Gecko/20100101 Firefox/126.0"
192.168.0.11 - - [10/May/2024:11:02:47 +0000] "GET /_ajax_callback.php?software=codeception HTTP/1.1" 200 23 "http://192.168.0.12/" "Mozilla/5.0 (Windows NT 10.0; Win64; x64; rv:126.0) Gecko/20100101 Firefox/126.0"
192.168.0.11 - - [10/May/2024:11:02:47 +0000] "GET /_ajax_callback.php?software=git HTTP/1.1" 200 16 "http://192.168.0.12/" "Mozilla/5.0 (Windows NT 10.0; Win64; x64; rv:126.0) Gecko/20100101 Firefox/126.0"
192.168.0.11 - - [10/May/2024:11:02:47 +0000] "GET /_ajax_callback.php?software=composer HTTP/1.1" 200 20 "http://192.168.0.12/" "Mozilla/5.0 (Windows NT 10.0; Win64; x64; rv:126.0) Gecko/20100101 Firefox/126.0"
192.168.0.11 - - [10/May/2024:11:02:47 +0000] "GET /_ajax_callback.php?software=asgardcms_installer HTTP/1.1" 200 31 "http://192.168.0.12/" "Mozilla/5.0 (Windows NT 10.0; Win64; x64; rv:126.0) Gecko/20100101 Firefox/126.0"
192.168.0.11 - - [10/May/2024:11:02:48 +0000] "GET /_ajax_callback.php?software=grunt_cli HTTP/1.1" 200 21 "http://192.168.0.12/" "Mozilla/5.0 (Windows NT 10.0; Win64; x64; rv:126.0) Gecko/20100101 Firefox/126.0"
192.168.0.11 - - [10/May/2024:11:02:48 +0000] "GET /_ajax_callback.php?software=gulp HTTP/1.1" 200 16 "http://192.168.0.12/" "Mozilla/5.0 (Windows NT 10.0; Win64; x64; rv:126.0) Gecko/20100101 Firefox/126.0"
192.168.0.11 - - [10/May/2024:11:02:48 +0000] "GET /_ajax_callback.php?software=laravel_installer HTTP/1.1" 200 30 "http://192.168.0.12/" "Mozilla/5.0 (Windows NT 10.0; Win64; x64; rv:126.0) Gecko/20100101 Firefox/126.0"
192.168.0.11 - - [10/May/2024:11:02:48 +0000] "GET /_ajax_callback.php?software=laravel_lumen HTTP/1.1" 200 25 "http://192.168.0.12/" "Mozilla/5.0 (Windows NT 10.0; Win64; x64; rv:126.0) Gecko/20100101 Firefox/126.0"
172.16.238.1 - - [10/May/2024:11:02:49 +0000] "GET /vhost.d/diplom.conf HTTP/1.1" 200 5841 "-" "-"
192.168.0.11 - - [10/May/2024:11:02:48 +0000] "GET /vhosts.php HTTP/1.1" 200 20716 "http://192.168.0.12/" "Mozilla/5.0 (Windows NT 10.0; Win64; x64; rv:126.0) Gecko/20100101 Firefox/126.0"
192.168.0.11 - - [10/May/2024:11:02:49 +0000] "GET /_ajax_callback.php?vhost=diplom HTTP/1.1" 200 - "http://192.168.0.12/vhosts.php" "Mozilla/5.0 (Windows NT 10.0; Win64; x64; rv:126.0) Gecko/20100101 Firefox/126.0"
172.16.238.10 - - [10/May/2024:11:18:58 +0000] "HEAD /devilbox-api/status.json HTTP/1.1" 200 - "-" "-"
172.16.238.10 - - [10/May/2024:11:18:58 +0000] "HEAD /devilbox-api/status.json HTTP/1.1" 200 - "-" "-"
172.16.238.10 - - [10/May/2024:11:18:58 +0000] "HEAD /devilbox-api/status.json HTTP/1.1" 200 - "-" "-"
172.16.238.1 - - [10/May/2024:11:18:58 +0000] "GET / HTTP/1.1" 200 32887 "-" "Mozilla/5.0 (X11; Linux x86_64; rv:126.0) Gecko/20100101 Firefox/126.0"
172.16.238.1 - - [10/May/2024:11:18:58 +0000] "GET /vendor/bootstrap/bootstrap.min.css HTTP/1.1" 200 150996 "http://127.0.0.1/" "Mozilla/5.0 (X11; Linux x86_64; rv:126.0) Gecko/20100101 Firefox/126.0"
172.16.238.1 - - [10/May/2024:11:18:58 +0000] "GET /vendor/font-awesome/font-awesome.min.css HTTP/1.1" 200 29063 "http://127.0.0.1/" "Mozilla/5.0 (X11; Linux x86_64; rv:126.0) Gecko/20100101 Firefox/126.0"
172.16.238.1 - - [10/May/2024:11:18:58 +0000] "GET /assets/css/custom.css HTTP/1.1" 200 3980 "http://127.0.0.1/" "Mozilla/5.0 (X11; Linux x86_64; rv:126.0) Gecko/20100101 Firefox/126.0"
172.16.238.1 - - [10/May/2024:11:18:58 +0000] "GET /vendor/tether/tether.min.js HTTP/1.1" 200 24989 "http://127.0.0.1/" "Mozilla/5.0 (X11; Linux x86_64; rv:126.0) Gecko/20100101 Firefox/126.0"
172.16.238.1 - - [10/May/2024:11:18:58 +0000] "GET /vendor/jquery/jquery-3.2.1.min.js HTTP/1.1" 200 86659 "http://127.0.0.1/" "Mozilla/5.0 (X11; Linux x86_64; rv:126.0) Gecko/20100101 Firefox/126.0"
172.16.238.1 - - [10/May/2024:11:18:58 +0000] "GET /vendor/bootstrap/bootstrap.min.js HTTP/1.1" 200 46653 "http://127.0.0.1/" "Mozilla/5.0 (X11; Linux x86_64; rv:126.0) Gecko/20100101 Firefox/126.0"
172.16.238.1 - - [10/May/2024:11:18:58 +0000] "GET /assets/img/banner.png HTTP/1.1" 200 11114 "http://127.0.0.1/" "Mozilla/5.0 (X11; Linux x86_64; rv:126.0) Gecko/20100101 Firefox/126.0"
172.16.238.1 - - [10/May/2024:11:18:58 +0000] "GET /assets/img/logo.png HTTP/1.1" 200 2933 "http://127.0.0.1/" "Mozilla/5.0 (X11; Linux x86_64; rv:126.0) Gecko/20100101 Firefox/126.0"
172.16.238.1 - - [10/May/2024:11:18:58 +0000] "GET /vendor/fonts/fontawesome-webfont.woff2?v=4.6.3 HTTP/1.1" 200 71896 "http://127.0.0.1/vendor/font-awesome/font-awesome.min.css" "Mozilla/5.0 (X11; Linux x86_64; rv:126.0) Gecko/20100101 Firefox/126.0"
172.16.238.1 - - [10/May/2024:11:18:58 +0000] "GET /_ajax_callback.php?software=angular_cli HTTP/1.1" 200 24 "http://127.0.0.1/" "Mozilla/5.0 (X11; Linux x86_64; rv:126.0) Gecko/20100101 Firefox/126.0"
172.16.238.1 - - [10/May/2024:11:18:58 +0000] "GET /_ajax_callback.php?software=asgardcms_installer HTTP/1.1" 200 31 "http://127.0.0.1/" "Mozilla/5.0 (X11; Linux x86_64; rv:126.0) Gecko/20100101 Firefox/126.0"
172.16.238.1 - - [10/May/2024:11:18:58 +0000] "GET /_ajax_callback.php?software=codeception HTTP/1.1" 200 23 "http://127.0.0.1/" "Mozilla/5.0 (X11; Linux x86_64; rv:126.0) Gecko/20100101 Firefox/126.0"
172.16.238.1 - - [10/May/2024:11:18:58 +0000] "GET /_ajax_callback.php?software=deployer HTTP/1.1" 200 20 "http://127.0.0.1/" "Mozilla/5.0 (X11; Linux x86_64; rv:126.0) Gecko/20100101 Firefox/126.0"
172.16.238.1 - - [10/May/2024:11:18:58 +0000] "GET /_ajax_callback.php?software=composer HTTP/1.1" 200 20 "http://127.0.0.1/" "Mozilla/5.0 (X11; Linux x86_64; rv:126.0) Gecko/20100101 Firefox/126.0"
172.16.238.1 - - [10/May/2024:11:18:58 +0000] "GET /_ajax_callback.php?software=git HTTP/1.1" 200 16 "http://127.0.0.1/" "Mozilla/5.0 (X11; Linux x86_64; rv:126.0) Gecko/20100101 Firefox/126.0"
172.16.238.1 - - [10/May/2024:11:18:59 +0000] "GET /_ajax_callback.php?software=grunt_cli HTTP/1.1" 200 21 "http://127.0.0.1/" "Mozilla/5.0 (X11; Linux x86_64; rv:126.0) Gecko/20100101 Firefox/126.0"
172.16.238.1 - - [10/May/2024:11:18:59 +0000] "GET /_ajax_callback.php?software=gulp HTTP/1.1" 200 16 "http://127.0.0.1/" "Mozilla/5.0 (X11; Linux x86_64; rv:126.0) Gecko/20100101 Firefox/126.0"
172.16.238.1 - - [10/May/2024:11:18:59 +0000] "GET /_ajax_callback.php?software=laravel_installer HTTP/1.1" 200 30 "http://127.0.0.1/" "Mozilla/5.0 (X11; Linux x86_64; rv:126.0) Gecko/20100101 Firefox/126.0"
172.16.238.1 - - [10/May/2024:11:18:59 +0000] "GET /_ajax_callback.php?software=laravel_lumen HTTP/1.1" 200 25 "http://127.0.0.1/" "Mozilla/5.0 (X11; Linux x86_64; rv:126.0) Gecko/20100101 Firefox/126.0"
172.16.238.1 - - [10/May/2024:11:19:00 +0000] "GET /_ajax_callback.php?software=mds HTTP/1.1" 200 16 "http://127.0.0.1/" "Mozilla/5.0 (X11; Linux x86_64; rv:126.0) Gecko/20100101 Firefox/126.0"
172.16.238.1 - - [10/May/2024:11:19:00 +0000] "GET /_ajax_callback.php?software=mupdf_tools HTTP/1.1" 200 24 "http://127.0.0.1/" "Mozilla/5.0 (X11; Linux x86_64; rv:126.0) Gecko/20100101 Firefox/126.0"
172.16.238.1 - - [10/May/2024:11:19:00 +0000] "GET /_ajax_callback.php?software=node HTTP/1.1" 200 18 "http://127.0.0.1/" "Mozilla/5.0 (X11; Linux x86_64; rv:126.0) Gecko/20100101 Firefox/126.0"
172.16.238.1 - - [10/May/2024:11:19:00 +0000] "GET /_ajax_callback.php?software=npm HTTP/1.1" 200 16 "http://127.0.0.1/" "Mozilla/5.0 (X11; Linux x86_64; rv:126.0) Gecko/20100101 Firefox/126.0"
172.16.238.1 - - [10/May/2024:11:19:00 +0000] "GET /_ajax_callback.php?software=phalcon_devtools HTTP/1.1" 200 81 "http://127.0.0.1/" "Mozilla/5.0 (X11; Linux x86_64; rv:126.0) Gecko/20100101 Firefox/126.0"
172.16.238.1 - - [10/May/2024:11:19:00 +0000] "GET /_ajax_callback.php?software=phpunit HTTP/1.1" 200 20 "http://127.0.0.1/" "Mozilla/5.0 (X11; Linux x86_64; rv:126.0) Gecko/20100101 Firefox/126.0"
172.16.238.1 - - [10/May/2024:11:19:00 +0000] "GET /_ajax_callback.php?software=stylelint HTTP/1.1" 200 23 "http://127.0.0.1/" "Mozilla/5.0 (X11; Linux x86_64; rv:126.0) Gecko/20100101 Firefox/126.0"
172.16.238.1 - - [10/May/2024:11:19:00 +0000] "GET /_ajax_callback.php?software=symfony_cli HTTP/1.1" 200 24 "http://127.0.0.1/" "Mozilla/5.0 (X11; Linux x86_64; rv:126.0) Gecko/20100101 Firefox/126.0"
172.16.238.1 - - [10/May/2024:11:19:00 +0000] "GET /_ajax_callback.php?software=vue_cli HTTP/1.1" 200 19 "http://127.0.0.1/" "Mozilla/5.0 (X11; Linux x86_64; rv:126.0) Gecko/20100101 Firefox/126.0"
172.16.238.1 - - [10/May/2024:11:19:02 +0000] "GET /assets/favicon/android-icon-192x192.png HTTP/1.1" 200 10737 "http://127.0.0.1/" "Mozilla/5.0 (X11; Linux x86_64; rv:126.0) Gecko/20100101 Firefox/126.0"
172.16.238.1 - - [10/May/2024:11:19:02 +0000] "GET /assets/favicon/favicon-16x16.png HTTP/1.1" 200 1311 "http://127.0.0.1/" "Mozilla/5.0 (X11; Linux x86_64; rv:126.0) Gecko/20100101 Firefox/126.0"
172.16.238.1 - - [10/May/2024:11:19:01 +0000] "GET /_ajax_callback.php?software=webpack_cli HTTP/1.1" 200 23 "http://127.0.0.1/" "Mozilla/5.0 (X11; Linux x86_64; rv:126.0) Gecko/20100101 Firefox/126.0"
172.16.238.1 - - [10/May/2024:11:19:01 +0000] "GET /_ajax_callback.php?software=wpcli HTTP/1.1" 200 17 "http://127.0.0.1/" "Mozilla/5.0 (X11; Linux x86_64; rv:126.0) Gecko/20100101 Firefox/126.0"
172.16.238.1 - - [10/May/2024:11:19:01 +0000] "GET /_ajax_callback.php?software=wscat HTTP/1.1" 200 17 "http://127.0.0.1/" "Mozilla/5.0 (X11; Linux x86_64; rv:126.0) Gecko/20100101 Firefox/126.0"
172.16.238.1 - - [10/May/2024:11:19:01 +0000] "GET /_ajax_callback.php?software=yarn HTTP/1.1" 200 18 "http://127.0.0.1/" "Mozilla/5.0 (X11; Linux x86_64; rv:126.0) Gecko/20100101 Firefox/126.0"
172.16.238.10 - - [10/May/2024:11:19:04 +0000] "GET /vhost.d/diplom.conf HTTP/1.1" 200 5841 "-" "-"
172.16.238.1 - - [10/May/2024:11:19:03 +0000] "GET /vhosts.php HTTP/1.1" 200 20716 "http://127.0.0.1/" "Mozilla/5.0 (X11; Linux x86_64; rv:126.0) Gecko/20100101 Firefox/126.0"
172.16.238.1 - - [10/May/2024:11:19:04 +0000] "GET /_ajax_callback.php?vhost=diplom HTTP/1.1" 200 - "http://127.0.0.1/vhosts.php" "Mozilla/5.0 (X11; Linux x86_64; rv:126.0) Gecko/20100101 Firefox/126.0"
172.16.238.1 - - [10/May/2024:11:19:08 +0000] "GET /vhost.d/diplom.conf HTTP/1.1" 200 5841 "-" "-"
192.168.0.11 - - [10/May/2024:11:19:08 +0000] "GET /vhosts.php HTTP/1.1" 200 20716 "http://192.168.0.12/" "Mozilla/5.0 (Windows NT 10.0; Win64; x64; rv:126.0) Gecko/20100101 Firefox/126.0"
192.168.0.11 - - [10/May/2024:11:19:08 +0000] "GET /_ajax_callback.php?vhost=diplom HTTP/1.1" 200 - "http://192.168.0.12/vhosts.php" "Mozilla/5.0 (Windows NT 10.0; Win64; x64; rv:126.0) Gecko/20100101 Firefox/126.0"
172.16.238.1 - - [10/May/2024:11:19:10 +0000] "GET /vhost.d/diplom.conf HTTP/1.1" 200 5841 "-" "-"
192.168.0.11 - - [10/May/2024:11:19:10 +0000] "GET /vhosts.php HTTP/1.1" 200 20716 "http://192.168.0.12/" "Mozilla/5.0 (Windows NT 10.0; Win64; x64; rv:126.0) Gecko/20100101 Firefox/126.0"
192.168.0.11 - - [10/May/2024:11:19:10 +0000] "GET /_ajax_callback.php?vhost=diplom HTTP/1.1" 200 - "http://192.168.0.12/vhosts.php" "Mozilla/5.0 (Windows NT 10.0; Win64; x64; rv:126.0) Gecko/20100101 Firefox/126.0"
172.16.238.1 - - [10/May/2024:11:19:10 +0000] "GET /vhost.d/diplom.conf HTTP/1.1" 200 5841 "-" "-"
192.168.0.11 - - [10/May/2024:11:19:10 +0000] "GET /vhosts.php HTTP/1.1" 200 20716 "http://192.168.0.12/" "Mozilla/5.0 (Windows NT 10.0; Win64; x64; rv:126.0) Gecko/20100101 Firefox/126.0"
192.168.0.11 - - [10/May/2024:11:19:10 +0000] "GET /_ajax_callback.php?vhost=diplom HTTP/1.1" 200 - "http://192.168.0.12/vhosts.php" "Mozilla/5.0 (Windows NT 10.0; Win64; x64; rv:126.0) Gecko/20100101 Firefox/126.0"
172.16.238.1 - - [10/May/2024:11:19:11 +0000] "GET /vhost.d/diplom.conf HTTP/1.1" 200 5841 "-" "-"
192.168.0.11 - - [10/May/2024:11:19:11 +0000] "GET /vhosts.php HTTP/1.1" 200 20716 "http://192.168.0.12/" "Mozilla/5.0 (Windows NT 10.0; Win64; x64; rv:126.0) Gecko/20100101 Firefox/126.0"
192.168.0.11 - - [10/May/2024:11:19:11 +0000] "GET /_ajax_callback.php?vhost=diplom HTTP/1.1" 200 - "http://192.168.0.12/vhosts.php" "Mozilla/5.0 (Windows NT 10.0; Win64; x64; rv:126.0) Gecko/20100101 Firefox/126.0"
172.16.238.1 - - [10/May/2024:11:19:13 +0000] "GET /vhost.d/diplom.conf HTTP/1.1" 200 5841 "-" "-"
192.168.0.11 - - [10/May/2024:11:19:13 +0000] "GET /vhosts.php HTTP/1.1" 200 20716 "http://192.168.0.12/" "Mozilla/5.0 (Windows NT 10.0; Win64; x64; rv:126.0) Gecko/20100101 Firefox/126.0"
192.168.0.11 - - [10/May/2024:11:19:13 +0000] "GET /vendor/bootstrap/bootstrap.min.css HTTP/1.1" 200 150996 "http://192.168.0.12/vhosts.php" "Mozilla/5.0 (Windows NT 10.0; Win64; x64; rv:126.0) Gecko/20100101 Firefox/126.0"
192.168.0.11 - - [10/May/2024:11:19:13 +0000] "GET /vendor/font-awesome/font-awesome.min.css HTTP/1.1" 200 29063 "http://192.168.0.12/vhosts.php" "Mozilla/5.0 (Windows NT 10.0; Win64; x64; rv:126.0) Gecko/20100101 Firefox/126.0"
192.168.0.11 - - [10/May/2024:11:19:13 +0000] "GET /assets/css/custom.css HTTP/1.1" 200 3980 "http://192.168.0.12/vhosts.php" "Mozilla/5.0 (Windows NT 10.0; Win64; x64; rv:126.0) Gecko/20100101 Firefox/126.0"
192.168.0.11 - - [10/May/2024:11:19:13 +0000] "GET /vendor/jquery/jquery-3.2.1.min.js HTTP/1.1" 200 86659 "http://192.168.0.12/vhosts.php" "Mozilla/5.0 (Windows NT 10.0; Win64; x64; rv:126.0) Gecko/20100101 Firefox/126.0"
192.168.0.11 - - [10/May/2024:11:19:13 +0000] "GET /vendor/tether/tether.min.js HTTP/1.1" 200 24989 "http://192.168.0.12/vhosts.php" "Mozilla/5.0 (Windows NT 10.0; Win64; x64; rv:126.0) Gecko/20100101 Firefox/126.0"
192.168.0.11 - - [10/May/2024:11:19:13 +0000] "GET /vendor/bootstrap/bootstrap.min.js HTTP/1.1" 200 46653 "http://192.168.0.12/vhosts.php" "Mozilla/5.0 (Windows NT 10.0; Win64; x64; rv:126.0) Gecko/20100101 Firefox/126.0"
192.168.0.11 - - [10/May/2024:11:19:13 +0000] "GET /assets/img/logo.png HTTP/1.1" 200 2933 "http://192.168.0.12/vhosts.php" "Mozilla/5.0 (Windows NT 10.0; Win64; x64; rv:126.0) Gecko/20100101 Firefox/126.0"
192.168.0.11 - - [10/May/2024:11:19:13 +0000] "GET /vendor/fonts/fontawesome-webfont.woff2?v=4.6.3 HTTP/1.1" 200 71896 "http://192.168.0.12/vendor/font-awesome/font-awesome.min.css" "Mozilla/5.0 (Windows NT 10.0; Win64; x64; rv:126.0) Gecko/20100101 Firefox/126.0"
192.168.0.11 - - [10/May/2024:11:19:13 +0000] "GET /_ajax_callback.php?vhost=diplom HTTP/1.1" 200 - "http://192.168.0.12/vhosts.php" "Mozilla/5.0 (Windows NT 10.0; Win64; x64; rv:126.0) Gecko/20100101 Firefox/126.0"
192.168.0.11 - - [10/May/2024:11:19:13 +0000] "GET /assets/favicon/favicon-16x16.png HTTP/1.1" 200 1311 "http://192.168.0.12/vhosts.php" "Mozilla/5.0 (Windows NT 10.0; Win64; x64; rv:126.0) Gecko/20100101 Firefox/126.0"
192.168.0.11 - - [10/May/2024:11:19:13 +0000] "GET /assets/favicon/android-icon-192x192.png HTTP/1.1" 200 10737 "http://192.168.0.12/vhosts.php" "Mozilla/5.0 (Windows NT 10.0; Win64; x64; rv:126.0) Gecko/20100101 Firefox/126.0"
172.16.238.1 - - [10/May/2024:11:19:15 +0000] "GET /vhost.d/diplom.conf HTTP/1.1" 200 5841 "-" "-"
192.168.0.11 - - [10/May/2024:11:19:15 +0000] "GET /vhosts.php HTTP/1.1" 200 20716 "http://192.168.0.12/" "Mozilla/5.0 (Windows NT 10.0; Win64; x64; rv:126.0) Gecko/20100101 Firefox/126.0"
192.168.0.11 - - [10/May/2024:11:19:15 +0000] "GET /assets/css/custom.css HTTP/1.1" 200 3980 "http://192.168.0.12/vhosts.php" "Mozilla/5.0 (Windows NT 10.0; Win64; x64; rv:126.0) Gecko/20100101 Firefox/126.0"
192.168.0.11 - - [10/May/2024:11:19:15 +0000] "GET /vendor/font-awesome/font-awesome.min.css HTTP/1.1" 200 29063 "http://192.168.0.12/vhosts.php" "Mozilla/5.0 (Windows NT 10.0; Win64; x64; rv:126.0) Gecko/20100101 Firefox/126.0"
192.168.0.11 - - [10/May/2024:11:19:15 +0000] "GET /vendor/jquery/jquery-3.2.1.min.js HTTP/1.1" 200 86659 "http://192.168.0.12/vhosts.php" "Mozilla/5.0 (Windows NT 10.0; Win64; x64; rv:126.0) Gecko/20100101 Firefox/126.0"
192.168.0.11 - - [10/May/2024:11:19:15 +0000] "GET /vendor/tether/tether.min.js HTTP/1.1" 200 24989 "http://192.168.0.12/vhosts.php" "Mozilla/5.0 (Windows NT 10.0; Win64; x64; rv:126.0) Gecko/20100101 Firefox/126.0"
192.168.0.11 - - [10/May/2024:11:19:15 +0000] "GET /vendor/bootstrap/bootstrap.min.css HTTP/1.1" 200 150996 "http://192.168.0.12/vhosts.php" "Mozilla/5.0 (Windows NT 10.0; Win64; x64; rv:126.0) Gecko/20100101 Firefox/126.0"
192.168.0.11 - - [10/May/2024:11:19:15 +0000] "GET /vendor/bootstrap/bootstrap.min.js HTTP/1.1" 200 46653 "http://192.168.0.12/vhosts.php" "Mozilla/5.0 (Windows NT 10.0; Win64; x64; rv:126.0) Gecko/20100101 Firefox/126.0"
192.168.0.11 - - [10/May/2024:11:19:15 +0000] "GET /assets/img/logo.png HTTP/1.1" 200 2933 "http://192.168.0.12/vhosts.php" "Mozilla/5.0 (Windows NT 10.0; Win64; x64; rv:126.0) Gecko/20100101 Firefox/126.0"
192.168.0.11 - - [10/May/2024:11:19:15 +0000] "GET /vendor/fonts/fontawesome-webfont.woff2?v=4.6.3 HTTP/1.1" 200 71896 "http://192.168.0.12/vendor/font-awesome/font-awesome.min.css" "Mozilla/5.0 (Windows NT 10.0; Win64; x64; rv:126.0) Gecko/20100101 Firefox/126.0"
192.168.0.11 - - [10/May/2024:11:19:15 +0000] "GET /_ajax_callback.php?vhost=diplom HTTP/1.1" 200 - "http://192.168.0.12/vhosts.php" "Mozilla/5.0 (Windows NT 10.0; Win64; x64; rv:126.0) Gecko/20100101 Firefox/126.0"
192.168.0.11 - - [10/May/2024:11:19:15 +0000] "GET /assets/favicon/android-icon-192x192.png HTTP/1.1" 200 10737 "http://192.168.0.12/vhosts.php" "Mozilla/5.0 (Windows NT 10.0; Win64; x64; rv:126.0) Gecko/20100101 Firefox/126.0"
192.168.0.11 - - [10/May/2024:11:19:15 +0000] "GET /assets/favicon/favicon-16x16.png HTTP/1.1" 200 1311 "http://192.168.0.12/vhosts.php" "Mozilla/5.0 (Windows NT 10.0; Win64; x64; rv:126.0) Gecko/20100101 Firefox/126.0"
172.16.238.1 - - [10/May/2024:11:19:16 +0000] "GET /vhost.d/diplom.conf HTTP/1.1" 200 5841 "-" "-"
192.168.0.11 - - [10/May/2024:11:19:16 +0000] "GET /vhosts.php HTTP/1.1" 200 20716 "http://192.168.0.12/" "Mozilla/5.0 (Windows NT 10.0; Win64; x64; rv:126.0) Gecko/20100101 Firefox/126.0"
192.168.0.11 - - [10/May/2024:11:19:16 +0000] "GET /vendor/bootstrap/bootstrap.min.css HTTP/1.1" 200 150996 "http://192.168.0.12/vhosts.php" "Mozilla/5.0 (Windows NT 10.0; Win64; x64; rv:126.0) Gecko/20100101 Firefox/126.0"
192.168.0.11 - - [10/May/2024:11:19:16 +0000] "GET /vendor/font-awesome/font-awesome.min.css HTTP/1.1" 200 29063 "http://192.168.0.12/vhosts.php" "Mozilla/5.0 (Windows NT 10.0; Win64; x64; rv:126.0) Gecko/20100101 Firefox/126.0"
192.168.0.11 - - [10/May/2024:11:19:16 +0000] "GET /vendor/jquery/jquery-3.2.1.min.js HTTP/1.1" 200 86659 "http://192.168.0.12/vhosts.php" "Mozilla/5.0 (Windows NT 10.0; Win64; x64; rv:126.0) Gecko/20100101 Firefox/126.0"
192.168.0.11 - - [10/May/2024:11:19:16 +0000] "GET /assets/css/custom.css HTTP/1.1" 200 3980 "http://192.168.0.12/vhosts.php" "Mozilla/5.0 (Windows NT 10.0; Win64; x64; rv:126.0) Gecko/20100101 Firefox/126.0"
192.168.0.11 - - [10/May/2024:11:19:16 +0000] "GET /vendor/tether/tether.min.js HTTP/1.1" 200 24989 "http://192.168.0.12/vhosts.php" "Mozilla/5.0 (Windows NT 10.0; Win64; x64; rv:126.0) Gecko/20100101 Firefox/126.0"
192.168.0.11 - - [10/May/2024:11:19:16 +0000] "GET /vendor/bootstrap/bootstrap.min.js HTTP/1.1" 200 46653 "http://192.168.0.12/vhosts.php" "Mozilla/5.0 (Windows NT 10.0; Win64; x64; rv:126.0) Gecko/20100101 Firefox/126.0"
192.168.0.11 - - [10/May/2024:11:19:16 +0000] "GET /assets/img/logo.png HTTP/1.1" 200 2933 "http://192.168.0.12/vhosts.php" "Mozilla/5.0 (Windows NT 10.0; Win64; x64; rv:126.0) Gecko/20100101 Firefox/126.0"
192.168.0.11 - - [10/May/2024:11:19:16 +0000] "GET /vendor/fonts/fontawesome-webfont.woff2?v=4.6.3 HTTP/1.1" 200 71896 "http://192.168.0.12/vendor/font-awesome/font-awesome.min.css" "Mozilla/5.0 (Windows NT 10.0; Win64; x64; rv:126.0) Gecko/20100101 Firefox/126.0"
192.168.0.11 - - [10/May/2024:11:19:16 +0000] "GET /_ajax_callback.php?vhost=diplom HTTP/1.1" 200 - "http://192.168.0.12/vhosts.php" "Mozilla/5.0 (Windows NT 10.0; Win64; x64; rv:126.0) Gecko/20100101 Firefox/126.0"
192.168.0.11 - - [10/May/2024:11:19:16 +0000] "GET /assets/favicon/android-icon-192x192.png HTTP/1.1" 200 10737 "http://192.168.0.12/vhosts.php" "Mozilla/5.0 (Windows NT 10.0; Win64; x64; rv:126.0) Gecko/20100101 Firefox/126.0"
192.168.0.11 - - [10/May/2024:11:19:16 +0000] "GET /assets/favicon/favicon-16x16.png HTTP/1.1" 200 1311 "http://192.168.0.12/vhosts.php" "Mozilla/5.0 (Windows NT 10.0; Win64; x64; rv:126.0) Gecko/20100101 Firefox/126.0"
172.16.238.1 - - [10/May/2024:11:19:17 +0000] "GET /vhost.d/diplom.conf HTTP/1.1" 200 5841 "-" "-"
192.168.0.11 - - [10/May/2024:11:19:17 +0000] "GET /vhosts.php HTTP/1.1" 200 20716 "http://192.168.0.12/" "Mozilla/5.0 (Windows NT 10.0; Win64; x64; rv:126.0) Gecko/20100101 Firefox/126.0"
192.168.0.11 - - [10/May/2024:11:19:17 +0000] "GET /vendor/bootstrap/bootstrap.min.css HTTP/1.1" 200 150996 "http://192.168.0.12/vhosts.php" "Mozilla/5.0 (Windows NT 10.0; Win64; x64; rv:126.0) Gecko/20100101 Firefox/126.0"
192.168.0.11 - - [10/May/2024:11:19:17 +0000] "GET /assets/css/custom.css HTTP/1.1" 200 3980 "http://192.168.0.12/vhosts.php" "Mozilla/5.0 (Windows NT 10.0; Win64; x64; rv:126.0) Gecko/20100101 Firefox/126.0"
192.168.0.11 - - [10/May/2024:11:19:17 +0000] "GET /vendor/font-awesome/font-awesome.min.css HTTP/1.1" 200 29063 "http://192.168.0.12/vhosts.php" "Mozilla/5.0 (Windows NT 10.0; Win64; x64; rv:126.0) Gecko/20100101 Firefox/126.0"
192.168.0.11 - - [10/May/2024:11:19:17 +0000] "GET /vendor/bootstrap/bootstrap.min.js HTTP/1.1" 200 46653 "http://192.168.0.12/vhosts.php" "Mozilla/5.0 (Windows NT 10.0; Win64; x64; rv:126.0) Gecko/20100101 Firefox/126.0"
192.168.0.11 - - [10/May/2024:11:19:17 +0000] "GET /vendor/tether/tether.min.js HTTP/1.1" 200 24989 "http://192.168.0.12/vhosts.php" "Mozilla/5.0 (Windows NT 10.0; Win64; x64; rv:126.0) Gecko/20100101 Firefox/126.0"
192.168.0.11 - - [10/May/2024:11:19:17 +0000] "GET /vendor/jquery/jquery-3.2.1.min.js HTTP/1.1" 200 86659 "http://192.168.0.12/vhosts.php" "Mozilla/5.0 (Windows NT 10.0; Win64; x64; rv:126.0) Gecko/20100101 Firefox/126.0"
192.168.0.11 - - [10/May/2024:11:19:17 +0000] "GET /assets/img/logo.png HTTP/1.1" 200 2933 "http://192.168.0.12/vhosts.php" "Mozilla/5.0 (Windows NT 10.0; Win64; x64; rv:126.0) Gecko/20100101 Firefox/126.0"
192.168.0.11 - - [10/May/2024:11:19:17 +0000] "GET /vendor/fonts/fontawesome-webfont.woff2?v=4.6.3 HTTP/1.1" 200 71896 "http://192.168.0.12/vendor/font-awesome/font-awesome.min.css" "Mozilla/5.0 (Windows NT 10.0; Win64; x64; rv:126.0) Gecko/20100101 Firefox/126.0"
192.168.0.11 - - [10/May/2024:11:19:17 +0000] "GET /_ajax_callback.php?vhost=diplom HTTP/1.1" 200 - "http://192.168.0.12/vhosts.php" "Mozilla/5.0 (Windows NT 10.0; Win64; x64; rv:126.0) Gecko/20100101 Firefox/126.0"
192.168.0.11 - - [10/May/2024:11:19:18 +0000] "GET /assets/favicon/favicon-16x16.png HTTP/1.1" 200 1311 "http://192.168.0.12/vhosts.php" "Mozilla/5.0 (Windows NT 10.0; Win64; x64; rv:126.0) Gecko/20100101 Firefox/126.0"
192.168.0.11 - - [10/May/2024:11:19:18 +0000] "GET /assets/favicon/android-icon-192x192.png HTTP/1.1" 200 10737 "http://192.168.0.12/vhosts.php" "Mozilla/5.0 (Windows NT 10.0; Win64; x64; rv:126.0) Gecko/20100101 Firefox/126.0"
172.16.238.1 - - [10/May/2024:11:21:08 +0000] "GET /vhost.d/diplom.conf HTTP/1.1" 200 5841 "-" "-"
192.168.0.11 - - [10/May/2024:11:21:08 +0000] "GET /vhosts.php HTTP/1.1" 200 20716 "http://192.168.0.12/" "Mozilla/5.0 (Windows NT 10.0; Win64; x64; rv:126.0) Gecko/20100101 Firefox/126.0"
192.168.0.11 - - [10/May/2024:11:21:08 +0000] "GET /_ajax_callback.php?vhost=diplom HTTP/1.1" 200 - "http://192.168.0.12/vhosts.php" "Mozilla/5.0 (Windows NT 10.0; Win64; x64; rv:126.0) Gecko/20100101 Firefox/126.0"
172.16.238.1 - - [10/May/2024:11:21:19 +0000] "GET /vhost.d/diplom.conf HTTP/1.1" 200 5841 "-" "-"
192.168.0.11 - - [10/May/2024:11:21:19 +0000] "GET /vhosts.php HTTP/1.1" 200 20716 "http://192.168.0.12/" "Mozilla/5.0 (Windows NT 10.0; Win64; x64; rv:126.0) Gecko/20100101 Firefox/126.0"
192.168.0.11 - - [10/May/2024:11:21:19 +0000] "GET /_ajax_callback.php?vhost=diplom HTTP/1.1" 200 - "http://192.168.0.12/vhosts.php" "Mozilla/5.0 (Windows NT 10.0; Win64; x64; rv:126.0) Gecko/20100101 Firefox/126.0"
172.16.238.1 - - [10/May/2024:11:21:20 +0000] "GET /vhost.d/diplom.conf HTTP/1.1" 200 5841 "-" "-"
192.168.0.11 - - [10/May/2024:11:21:20 +0000] "GET /vhosts.php HTTP/1.1" 200 20716 "http://192.168.0.12/" "Mozilla/5.0 (Windows NT 10.0; Win64; x64; rv:126.0) Gecko/20100101 Firefox/126.0"
192.168.0.11 - - [10/May/2024:11:21:20 +0000] "GET /_ajax_callback.php?vhost=diplom HTTP/1.1" 200 - "http://192.168.0.12/vhosts.php" "Mozilla/5.0 (Windows NT 10.0; Win64; x64; rv:126.0) Gecko/20100101 Firefox/126.0"
172.16.238.10 - - [10/May/2024:11:21:39 +0000] "GET /vhost.d/diplom.conf HTTP/1.1" 200 5841 "-" "-"
172.16.238.1 - - [10/May/2024:11:21:39 +0000] "GET /vhosts.php HTTP/1.1" 200 20716 "http://127.0.0.1/" "Mozilla/5.0 (X11; Linux x86_64; rv:126.0) Gecko/20100101 Firefox/126.0"
172.16.238.1 - - [10/May/2024:11:21:40 +0000] "GET /_ajax_callback.php?vhost=diplom HTTP/1.1" 200 - "http://127.0.0.1/vhosts.php" "Mozilla/5.0 (X11; Linux x86_64; rv:126.0) Gecko/20100101 Firefox/126.0"
172.16.238.1 - - [10/May/2024:11:21:40 +0000] "GET /assets/favicon/android-icon-192x192.png HTTP/1.1" 200 10737 "http://127.0.0.1/vhosts.php" "Mozilla/5.0 (X11; Linux x86_64; rv:126.0) Gecko/20100101 Firefox/126.0"
172.16.238.1 - - [10/May/2024:11:21:40 +0000] "GET /assets/favicon/favicon-16x16.png HTTP/1.1" 200 1311 "http://127.0.0.1/vhosts.php" "Mozilla/5.0 (X11; Linux x86_64; rv:126.0) Gecko/20100101 Firefox/126.0"
172.16.238.10 - - [10/May/2024:11:21:40 +0000] "GET /vhost.d/diplom.conf HTTP/1.1" 200 5841 "-" "-"
172.16.238.1 - - [10/May/2024:11:21:40 +0000] "GET /vhosts.php HTTP/1.1" 200 20716 "http://127.0.0.1/" "Mozilla/5.0 (X11; Linux x86_64; rv:126.0) Gecko/20100101 Firefox/126.0"
172.16.238.1 - - [10/May/2024:11:21:40 +0000] "GET /_ajax_callback.php?vhost=diplom HTTP/1.1" 200 - "http://127.0.0.1/vhosts.php" "Mozilla/5.0 (X11; Linux x86_64; rv:126.0) Gecko/20100101 Firefox/126.0"
172.16.238.10 - - [10/May/2024:11:21:40 +0000] "GET /vhost.d/diplom.conf HTTP/1.1" 200 5841 "-" "-"
172.16.238.1 - - [10/May/2024:11:21:40 +0000] "GET /vhosts.php HTTP/1.1" 200 20716 "http://127.0.0.1/" "Mozilla/5.0 (X11; Linux x86_64; rv:126.0) Gecko/20100101 Firefox/126.0"
172.16.238.1 - - [10/May/2024:11:21:40 +0000] "GET /_ajax_callback.php?vhost=diplom HTTP/1.1" 200 - "http://127.0.0.1/vhosts.php" "Mozilla/5.0 (X11; Linux x86_64; rv:126.0) Gecko/20100101 Firefox/126.0"
172.16.238.10 - - [10/May/2024:11:21:41 +0000] "GET /vhost.d/diplom.conf HTTP/1.1" 200 5841 "-" "-"
172.16.238.1 - - [10/May/2024:11:21:41 +0000] "GET /vhosts.php HTTP/1.1" 200 20716 "http://127.0.0.1/" "Mozilla/5.0 (X11; Linux x86_64; rv:126.0) Gecko/20100101 Firefox/126.0"
172.16.238.1 - - [10/May/2024:11:21:41 +0000] "GET /_ajax_callback.php?vhost=diplom HTTP/1.1" 200 - "http://127.0.0.1/vhosts.php" "Mozilla/5.0 (X11; Linux x86_64; rv:126.0) Gecko/20100101 Firefox/126.0"
172.16.238.1 - - [10/May/2024:11:21:50 +0000] "GET /vhost.d/diplom.conf HTTP/1.1" 200 5841 "-" "-"
192.168.0.11 - - [10/May/2024:11:21:50 +0000] "GET /vhosts.php HTTP/1.1" 200 20716 "http://192.168.0.12/" "Mozilla/5.0 (Windows NT 10.0; Win64; x64; rv:126.0) Gecko/20100101 Firefox/126.0"
192.168.0.11 - - [10/May/2024:11:21:50 +0000] "GET /_ajax_callback.php?vhost=diplom HTTP/1.1" 200 - "http://192.168.0.12/vhosts.php" "Mozilla/5.0 (Windows NT 10.0; Win64; x64; rv:126.0) Gecko/20100101 Firefox/126.0"
172.16.238.1 - - [10/May/2024:11:21:51 +0000] "GET /vhost.d/diplom.conf HTTP/1.1" 200 5841 "-" "-"
192.168.0.11 - - [10/May/2024:11:21:51 +0000] "GET /vhosts.php HTTP/1.1" 200 20716 "http://192.168.0.12/" "Mozilla/5.0 (Windows NT 10.0; Win64; x64; rv:126.0) Gecko/20100101 Firefox/126.0"
192.168.0.11 - - [10/May/2024:11:21:51 +0000] "GET /_ajax_callback.php?vhost=diplom HTTP/1.1" 200 - "http://192.168.0.12/vhosts.php" "Mozilla/5.0 (Windows NT 10.0; Win64; x64; rv:126.0) Gecko/20100101 Firefox/126.0"
172.16.238.1 - - [10/May/2024:11:21:52 +0000] "GET /vhost.d/diplom.conf HTTP/1.1" 200 5841 "-" "-"
192.168.0.11 - - [10/May/2024:11:21:52 +0000] "GET /vhosts.php HTTP/1.1" 200 20716 "http://192.168.0.12/" "Mozilla/5.0 (Windows NT 10.0; Win64; x64; rv:126.0) Gecko/20100101 Firefox/126.0"
192.168.0.11 - - [10/May/2024:11:21:52 +0000] "GET /_ajax_callback.php?vhost=diplom HTTP/1.1" 200 - "http://192.168.0.12/vhosts.php" "Mozilla/5.0 (Windows NT 10.0; Win64; x64; rv:126.0) Gecko/20100101 Firefox/126.0"
172.16.238.1 - - [10/May/2024:11:21:59 +0000] "GET /vhost.d/diplom.conf HTTP/1.1" 200 5841 "-" "-"
192.168.0.11 - - [10/May/2024:11:21:59 +0000] "GET /vhosts.php HTTP/1.1" 200 20716 "-" "Mozilla/5.0 (Windows NT 10.0; Win64; x64; rv:126.0) Gecko/20100101 Firefox/126.0"
192.168.0.11 - - [10/May/2024:11:21:59 +0000] "GET /_ajax_callback.php?vhost=diplom HTTP/1.1" 200 - "http://192.168.0.12/vhosts.php" "Mozilla/5.0 (Windows NT 10.0; Win64; x64; rv:126.0) Gecko/20100101 Firefox/126.0"
172.16.238.1 - - [10/May/2024:11:22:01 +0000] "GET /vhost.d/diplom.conf HTTP/1.1" 200 5841 "-" "-"
192.168.0.11 - - [10/May/2024:11:22:01 +0000] "GET /vhosts.php HTTP/1.1" 200 20716 "-" "Mozilla/5.0 (Windows NT 10.0; Win64; x64; rv:126.0) Gecko/20100101 Firefox/126.0"
192.168.0.11 - - [10/May/2024:11:22:01 +0000] "GET /_ajax_callback.php?vhost=diplom HTTP/1.1" 200 - "http://192.168.0.12/vhosts.php" "Mozilla/5.0 (Windows NT 10.0; Win64; x64; rv:126.0) Gecko/20100101 Firefox/126.0"
172.16.238.1 - - [10/May/2024:11:22:03 +0000] "GET /vhost.d/diplom.conf HTTP/1.1" 200 5841 "-" "-"
192.168.0.11 - - [10/May/2024:11:22:03 +0000] "GET /vhosts.php HTTP/1.1" 200 20716 "http://192.168.0.12/vhosts.php" "Mozilla/5.0 (Windows NT 10.0; Win64; x64; rv:126.0) Gecko/20100101 Firefox/126.0"
192.168.0.11 - - [10/May/2024:11:22:03 +0000] "GET /_ajax_callback.php?vhost=diplom HTTP/1.1" 200 - "http://192.168.0.12/vhosts.php" "Mozilla/5.0 (Windows NT 10.0; Win64; x64; rv:126.0) Gecko/20100101 Firefox/126.0"
172.16.238.10 - - [10/May/2024:11:22:04 +0000] "HEAD /devilbox-api/status.json HTTP/1.1" 200 - "-" "-"
172.16.238.10 - - [10/May/2024:11:22:04 +0000] "HEAD /devilbox-api/status.json HTTP/1.1" 200 - "-" "-"
172.16.238.10 - - [10/May/2024:11:22:04 +0000] "HEAD /devilbox-api/status.json HTTP/1.1" 200 - "-" "-"
192.168.0.11 - - [10/May/2024:11:22:04 +0000] "GET /index.php HTTP/1.1" 200 32888 "http://192.168.0.12/vhosts.php" "Mozilla/5.0 (Windows NT 10.0; Win64; x64; rv:126.0) Gecko/20100101 Firefox/126.0"
192.168.0.11 - - [10/May/2024:11:22:04 +0000] "GET /_ajax_callback.php?software=angular_cli HTTP/1.1" 200 24 "http://192.168.0.12/index.php" "Mozilla/5.0 (Windows NT 10.0; Win64; x64; rv:126.0) Gecko/20100101 Firefox/126.0"
192.168.0.11 - - [10/May/2024:11:22:04 +0000] "GET /_ajax_callback.php?software=asgardcms_installer HTTP/1.1" 200 31 "http://192.168.0.12/index.php" "Mozilla/5.0 (Windows NT 10.0; Win64; x64; rv:126.0) Gecko/20100101 Firefox/126.0"
192.168.0.11 - - [10/May/2024:11:22:04 +0000] "GET /_ajax_callback.php?software=codeception HTTP/1.1" 200 23 "http://192.168.0.12/index.php" "Mozilla/5.0 (Windows NT 10.0; Win64; x64; rv:126.0) Gecko/20100101 Firefox/126.0"
192.168.0.11 - - [10/May/2024:11:22:04 +0000] "GET /_ajax_callback.php?software=composer HTTP/1.1" 200 20 "http://192.168.0.12/index.php" "Mozilla/5.0 (Windows NT 10.0; Win64; x64; rv:126.0) Gecko/20100101 Firefox/126.0"
192.168.0.11 - - [10/May/2024:11:22:04 +0000] "GET /_ajax_callback.php?software=deployer HTTP/1.1" 200 20 "http://192.168.0.12/index.php" "Mozilla/5.0 (Windows NT 10.0; Win64; x64; rv:126.0) Gecko/20100101 Firefox/126.0"
192.168.0.11 - - [10/May/2024:11:22:04 +0000] "GET /_ajax_callback.php?software=git HTTP/1.1" 200 16 "http://192.168.0.12/index.php" "Mozilla/5.0 (Windows NT 10.0; Win64; x64; rv:126.0) Gecko/20100101 Firefox/126.0"
172.16.238.10 - - [10/May/2024:11:22:05 +0000] "HEAD /devilbox-api/status.json HTTP/1.1" 200 - "-" "-"
172.16.238.10 - - [10/May/2024:11:22:05 +0000] "HEAD /devilbox-api/status.json HTTP/1.1" 200 - "-" "-"
172.16.238.10 - - [10/May/2024:11:22:05 +0000] "HEAD /devilbox-api/status.json HTTP/1.1" 200 - "-" "-"
192.168.0.11 - - [10/May/2024:11:22:04 +0000] "GET /index.php HTTP/1.1" 200 16191 "http://192.168.0.12/index.php" "Mozilla/5.0 (Windows NT 10.0; Win64; x64; rv:126.0) Gecko/20100101 Firefox/126.0"
172.16.238.1 - - [10/May/2024:11:22:05 +0000] "GET /vhost.d/diplom.conf HTTP/1.1" 200 5841 "-" "-"
192.168.0.11 - - [10/May/2024:11:22:05 +0000] "GET /vhosts.php HTTP/1.1" 200 20716 "http://192.168.0.12/index.php" "Mozilla/5.0 (Windows NT 10.0; Win64; x64; rv:126.0) Gecko/20100101 Firefox/126.0"
192.168.0.11 - - [10/May/2024:11:22:05 +0000] "GET /_ajax_callback.php?vhost=diplom HTTP/1.1" 200 - "http://192.168.0.12/vhosts.php" "Mozilla/5.0 (Windows NT 10.0; Win64; x64; rv:126.0) Gecko/20100101 Firefox/126.0"
192.168.0.11 - - [10/May/2024:11:22:06 +0000] "GET /cnc.php HTTP/1.1" 200 10298 "http://192.168.0.12/vhosts.php" "Mozilla/5.0 (Windows NT 10.0; Win64; x64; rv:126.0) Gecko/20100101 Firefox/126.0"
192.168.0.11 - - [10/May/2024:11:22:11 +0000] "POST /cnc.php HTTP/1.1" 302 - "http://192.168.0.12/cnc.php" "Mozilla/5.0 (Windows NT 10.0; Win64; x64; rv:126.0) Gecko/20100101 Firefox/126.0"
192.168.0.11 - - [10/May/2024:11:22:13 +0000] "GET /cnc.php HTTP/1.1" 200 10300 "http://192.168.0.12/cnc.php" "Mozilla/5.0 (Windows NT 10.0; Win64; x64; rv:126.0) Gecko/20100101 Firefox/126.0"
172.16.238.1 - - [10/May/2024:11:22:16 +0000] "GET /vhost.d/diplom.conf HTTP/1.1" 200 5841 "-" "-"
192.168.0.11 - - [10/May/2024:11:22:16 +0000] "GET /vhosts.php HTTP/1.1" 200 20716 "http://192.168.0.12/cnc.php" "Mozilla/5.0 (Windows NT 10.0; Win64; x64; rv:126.0) Gecko/20100101 Firefox/126.0"
192.168.0.11 - - [10/May/2024:11:22:16 +0000] "GET /_ajax_callback.php?vhost=diplom HTTP/1.1" 200 - "http://192.168.0.12/vhosts.php" "Mozilla/5.0 (Windows NT 10.0; Win64; x64; rv:126.0) Gecko/20100101 Firefox/126.0"
172.16.238.10 - - [10/May/2024:11:22:21 +0000] "GET /vhost.d/diplom.conf HTTP/1.1" 200 5841 "-" "-"
172.16.238.1 - - [10/May/2024:11:22:21 +0000] "GET /vhosts.php HTTP/1.1" 200 20716 "http://127.0.0.1/" "Mozilla/5.0 (X11; Linux x86_64; rv:126.0) Gecko/20100101 Firefox/126.0"
172.16.238.1 - - [10/May/2024:11:22:21 +0000] "GET /_ajax_callback.php?vhost=diplom HTTP/1.1" 200 - "http://127.0.0.1/vhosts.php" "Mozilla/5.0 (X11; Linux x86_64; rv:126.0) Gecko/20100101 Firefox/126.0"
192.168.0.11 - - [10/May/2024:11:22:23 +0000] "GET /mail.php HTTP/1.1" 200 9712 "http://192.168.0.12/vhosts.php" "Mozilla/5.0 (Windows NT 10.0; Win64; x64; rv:126.0) Gecko/20100101 Firefox/126.0"
192.168.0.11 - - [10/May/2024:11:22:23 +0000] "GET /favicon.ico HTTP/1.1" 200 928 "http://192.168.0.12/mail.php" "Mozilla/5.0 (Windows NT 10.0; Win64; x64; rv:126.0) Gecko/20100101 Firefox/126.0"
192.168.0.11 - - [10/May/2024:11:22:39 +0000] "POST /mail.php HTTP/1.1" 302 - "http://192.168.0.12/mail.php" "Mozilla/5.0 (Windows NT 10.0; Win64; x64; rv:126.0) Gecko/20100101 Firefox/126.0"
192.168.0.11 - - [10/May/2024:11:22:39 +0000] "GET /mail.php HTTP/1.1" 200 9709 "http://192.168.0.12/mail.php" "Mozilla/5.0 (Windows NT 10.0; Win64; x64; rv:126.0) Gecko/20100101 Firefox/126.0"
192.168.0.11 - - [10/May/2024:11:23:17 +0000] "POST /mail.php HTTP/1.1" 302 - "http://192.168.0.12/mail.php" "Mozilla/5.0 (Windows NT 10.0; Win64; x64; rv:126.0) Gecko/20100101 Firefox/126.0"
192.168.0.11 - - [10/May/2024:11:23:17 +0000] "GET /mail.php HTTP/1.1" 200 11684 "http://192.168.0.12/mail.php" "Mozilla/5.0 (Windows NT 10.0; Win64; x64; rv:126.0) Gecko/20100101 Firefox/126.0"
192.168.0.11 - - [10/May/2024:11:23:41 +0000] "GET /mail.php?get-body=2 HTTP/1.1" 200 980 "http://192.168.0.12/mail.php" "Mozilla/5.0 (Windows NT 10.0; Win64; x64; rv:126.0) Gecko/20100101 Firefox/126.0"
192.168.0.11 - - [10/May/2024:11:23:46 +0000] "GET /mail.php?delete=1 HTTP/1.1" 200 389 "http://192.168.0.12/mail.php" "Mozilla/5.0 (Windows NT 10.0; Win64; x64; rv:126.0) Gecko/20100101 Firefox/126.0"
192.168.0.11 - - [10/May/2024:11:23:46 +0000] "GET /favicon.ico HTTP/1.1" 200 928 "http://192.168.0.12/mail.php?delete=1" "Mozilla/5.0 (Windows NT 10.0; Win64; x64; rv:126.0) Gecko/20100101 Firefox/126.0"
192.168.0.11 - - [10/May/2024:11:23:48 +0000] "GET /mail.php?delete=1 HTTP/1.1" 200 544 "http://192.168.0.12/mail.php" "Mozilla/5.0 (Windows NT 10.0; Win64; x64; rv:126.0) Gecko/20100101 Firefox/126.0"
192.168.0.11 - - [10/May/2024:11:23:49 +0000] "GET /mail.php?delete=1 HTTP/1.1" 200 544 "http://192.168.0.12/mail.php" "Mozilla/5.0 (Windows NT 10.0; Win64; x64; rv:126.0) Gecko/20100101 Firefox/126.0"
192.168.0.11 - - [10/May/2024:11:23:49 +0000] "GET /mail.php?delete=1 HTTP/1.1" 200 544 "http://192.168.0.12/mail.php" "Mozilla/5.0 (Windows NT 10.0; Win64; x64; rv:126.0) Gecko/20100101 Firefox/126.0"
192.168.0.11 - - [10/May/2024:11:23:50 +0000] "GET /mail.php HTTP/1.1" 200 10695 "http://192.168.0.12/mail.php" "Mozilla/5.0 (Windows NT 10.0; Win64; x64; rv:126.0) Gecko/20100101 Firefox/126.0"
192.168.0.11 - - [10/May/2024:11:23:51 +0000] "GET /mail.php?get-body=1 HTTP/1.1" 200 980 "http://192.168.0.12/mail.php" "Mozilla/5.0 (Windows NT 10.0; Win64; x64; rv:126.0) Gecko/20100101 Firefox/126.0"
192.168.0.11 - - [10/May/2024:11:23:51 +0000] "GET /mail.php?delete=0 HTTP/1.1" 200 389 "http://192.168.0.12/mail.php" "Mozilla/5.0 (Windows NT 10.0; Win64; x64; rv:126.0) Gecko/20100101 Firefox/126.0"
192.168.0.11 - - [10/May/2024:11:23:53 +0000] "GET /mail.php HTTP/1.1" 200 9709 "http://192.168.0.12/mail.php" "Mozilla/5.0 (Windows NT 10.0; Win64; x64; rv:126.0) Gecko/20100101 Firefox/126.0"
192.168.0.11 - - [10/May/2024:11:23:53 +0000] "GET /mail.php HTTP/1.1" 200 9709 "http://192.168.0.12/mail.php" "Mozilla/5.0 (Windows NT 10.0; Win64; x64; rv:126.0) Gecko/20100101 Firefox/126.0"
192.168.0.11 - - [10/May/2024:11:23:54 +0000] "GET /mail.php HTTP/1.1" 200 9709 "http://192.168.0.12/mail.php" "Mozilla/5.0 (Windows NT 10.0; Win64; x64; rv:126.0) Gecko/20100101 Firefox/126.0"
192.168.0.11 - - [10/May/2024:11:23:54 +0000] "GET /mail.php HTTP/1.1" 200 9709 "http://192.168.0.12/mail.php" "Mozilla/5.0 (Windows NT 10.0; Win64; x64; rv:126.0) Gecko/20100101 Firefox/126.0"
192.168.0.11 - - [10/May/2024:11:23:54 +0000] "GET /mail.php HTTP/1.1" 200 9709 "http://192.168.0.12/mail.php" "Mozilla/5.0 (Windows NT 10.0; Win64; x64; rv:126.0) Gecko/20100101 Firefox/126.0"
192.168.0.11 - - [10/May/2024:11:23:57 +0000] "GET /config_php.php HTTP/1.1" 200 7986 "http://192.168.0.12/mail.php" "Mozilla/5.0 (Windows NT 10.0; Win64; x64; rv:126.0) Gecko/20100101 Firefox/126.0"
192.168.0.11 - - [10/May/2024:11:23:57 +0000] "GET /mail.php HTTP/1.1" 200 9709 "http://192.168.0.12/config_php.php" "Mozilla/5.0 (Windows NT 10.0; Win64; x64; rv:126.0) Gecko/20100101 Firefox/126.0"
192.168.0.11 - - [10/May/2024:11:24:01 +0000] "GET /config_php.php HTTP/1.1" 200 7986 "http://192.168.0.12/mail.php" "Mozilla/5.0 (Windows NT 10.0; Win64; x64; rv:126.0) Gecko/20100101 Firefox/126.0"
192.168.0.11 - - [10/May/2024:11:24:07 +0000] "GET /config_httpd.php HTTP/1.1" 200 6940 "http://192.168.0.12/config_php.php" "Mozilla/5.0 (Windows NT 10.0; Win64; x64; rv:126.0) Gecko/20100101 Firefox/126.0"
192.168.0.11 - - [10/May/2024:11:24:09 +0000] "GET /db_mysql.php HTTP/1.1" 200 10712 "http://192.168.0.12/config_httpd.php" "Mozilla/5.0 (Windows NT 10.0; Win64; x64; rv:126.0) Gecko/20100101 Firefox/126.0"
192.168.0.11 - - [10/May/2024:11:24:09 +0000] "GET /_ajax_callback.php?type=mysql&database=information_schema HTTP/1.1" 200 28 "http://192.168.0.12/db_mysql.php" "Mozilla/5.0 (Windows NT 10.0; Win64; x64; rv:126.0) Gecko/20100101 Firefox/126.0"
192.168.0.11 - - [10/May/2024:11:24:09 +0000] "GET /_ajax_callback.php?type=mysql&database=mk HTTP/1.1" 200 27 "http://192.168.0.12/db_mysql.php" "Mozilla/5.0 (Windows NT 10.0; Win64; x64; rv:126.0) Gecko/20100101 Firefox/126.0"
192.168.0.11 - - [10/May/2024:11:24:09 +0000] "GET /_ajax_callback.php?type=mysql&database=performance_schema HTTP/1.1" 200 28 "http://192.168.0.12/db_mysql.php" "Mozilla/5.0 (Windows NT 10.0; Win64; x64; rv:126.0) Gecko/20100101 Firefox/126.0"
192.168.0.11 - - [10/May/2024:11:24:09 +0000] "GET /_ajax_callback.php?type=mysql&database=mysql HTTP/1.1" 200 29 "http://192.168.0.12/db_mysql.php" "Mozilla/5.0 (Windows NT 10.0; Win64; x64; rv:126.0) Gecko/20100101 Firefox/126.0"
192.168.0.11 - - [10/May/2024:11:24:09 +0000] "GET /_ajax_callback.php?type=mysql&database=sys HTTP/1.1" 200 29 "http://192.168.0.12/db_mysql.php" "Mozilla/5.0 (Windows NT 10.0; Win64; x64; rv:126.0) Gecko/20100101 Firefox/126.0"
192.168.0.11 - - [10/May/2024:11:24:11 +0000] "GET /info_httpd.php HTTP/1.1" 200 6913 "http://192.168.0.12/db_mysql.php" "Mozilla/5.0 (Windows NT 10.0; Win64; x64; rv:126.0) Gecko/20100101 Firefox/126.0"
192.168.0.11 - - [10/May/2024:11:24:11 +0000] "GET /devilbox-httpd-status HTTP/1.1" 200 14483 "http://192.168.0.12/info_httpd.php" "Mozilla/5.0 (Windows NT 10.0; Win64; x64; rv:126.0) Gecko/20100101 Firefox/126.0"
192.168.0.11 - - [10/May/2024:11:24:13 +0000] "GET /info_mysql.php HTTP/1.1" 200 96346 "http://192.168.0.12/info_httpd.php" "Mozilla/5.0 (Windows NT 10.0; Win64; x64; rv:126.0) Gecko/20100101 Firefox/126.0"
192.168.0.11 - - [10/May/2024:11:24:15 +0000] "GET /info_pgsql.php HTTP/1.1" 200 53562 "http://192.168.0.12/info_mysql.php" "Mozilla/5.0 (Windows NT 10.0; Win64; x64; rv:126.0) Gecko/20100101 Firefox/126.0"
192.168.0.11 - - [10/May/2024:11:24:16 +0000] "GET /info_memcd.php HTTP/1.1" 200 19112 "http://192.168.0.12/info_pgsql.php" "Mozilla/5.0 (Windows NT 10.0; Win64; x64; rv:126.0) Gecko/20100101 Firefox/126.0"
192.168.0.11 - - [10/May/2024:11:24:18 +0000] "GET /vendor/adminer-4.8.1-en.php HTTP/1.1" 200 2946 "http://192.168.0.12/info_memcd.php" "Mozilla/5.0 (Windows NT 10.0; Win64; x64; rv:126.0) Gecko/20100101 Firefox/126.0"
192.168.0.11 - - [10/May/2024:11:24:18 +0000] "GET /vendor/adminer-4.8.1-en.php?file=default.css&version=4.8.1 HTTP/1.1" 200 6811 "http://192.168.0.12/vendor/adminer-4.8.1-en.php" "Mozilla/5.0 (Windows NT 10.0; Win64; x64; rv:126.0) Gecko/20100101 Firefox/126.0"
192.168.0.11 - - [10/May/2024:11:24:18 +0000] "GET /vendor/adminer-4.8.1-en.php?file=functions.js&version=4.8.1 HTTP/1.1" 200 27548 "http://192.168.0.12/vendor/adminer-4.8.1-en.php" "Mozilla/5.0 (Windows NT 10.0; Win64; x64; rv:126.0) Gecko/20100101 Firefox/126.0"
192.168.0.11 - - [10/May/2024:11:24:18 +0000] "GET /vendor/adminer-4.8.1-en.php?file=favicon.ico&version=4.8.1 HTTP/1.1" 200 318 "http://192.168.0.12/vendor/adminer-4.8.1-en.php" "Mozilla/5.0 (Windows NT 10.0; Win64; x64; rv:126.0) Gecko/20100101 Firefox/126.0"
192.168.0.11 - - [10/May/2024:11:24:19 +0000] "POST /vendor/adminer-4.8.1-en.php?script=version HTTP/1.1" 200 - "http://192.168.0.12/vendor/adminer-4.8.1-en.php" "Mozilla/5.0 (Windows NT 10.0; Win64; x64; rv:126.0) Gecko/20100101 Firefox/126.0"
192.168.0.11 - - [10/May/2024:11:24:40 +0000] "POST /vendor/adminer-4.8.1-en.php HTTP/1.1" 302 - "http://192.168.0.12/vendor/adminer-4.8.1-en.php" "Mozilla/5.0 (Windows NT 10.0; Win64; x64; rv:126.0) Gecko/20100101 Firefox/126.0"
192.168.0.11 - - [10/May/2024:11:24:40 +0000] "GET /vendor/adminer-4.8.1-en.php?username=root&db=mk HTTP/1.1" 403 2921 "http://192.168.0.12/vendor/adminer-4.8.1-en.php" "Mozilla/5.0 (Windows NT 10.0; Win64; x64; rv:126.0) Gecko/20100101 Firefox/126.0"
192.168.0.11 - - [10/May/2024:11:24:51 +0000] "POST /vendor/adminer-4.8.1-en.php?username=root&db=mk HTTP/1.1" 302 - "http://192.168.0.12/vendor/adminer-4.8.1-en.php?username=root&db=mk" "Mozilla/5.0 (Windows NT 10.0; Win64; x64; rv:126.0) Gecko/20100101 Firefox/126.0"
192.168.0.11 - - [10/May/2024:11:24:51 +0000] "GET /vendor/adminer-4.8.1-en.php?username=root&db=mk HTTP/1.1" 403 2921 "http://192.168.0.12/vendor/adminer-4.8.1-en.php?username=root&db=mk" "Mozilla/5.0 (Windows NT 10.0; Win64; x64; rv:126.0) Gecko/20100101 Firefox/126.0"
192.168.0.11 - - [10/May/2024:11:24:54 +0000] "POST /vendor/adminer-4.8.1-en.php?username=root&db=mk HTTP/1.1" 302 - "http://192.168.0.12/vendor/adminer-4.8.1-en.php?username=root&db=mk" "Mozilla/5.0 (Windows NT 10.0; Win64; x64; rv:126.0) Gecko/20100101 Firefox/126.0"
192.168.0.11 - - [10/May/2024:11:24:54 +0000] "GET /vendor/adminer-4.8.1-en.php?username=&db=mk HTTP/1.1" 403 2917 "http://192.168.0.12/vendor/adminer-4.8.1-en.php?username=root&db=mk" "Mozilla/5.0 (Windows NT 10.0; Win64; x64; rv:126.0) Gecko/20100101 Firefox/126.0"
192.168.0.11 - - [10/May/2024:11:25:11 +0000] "GET /vendor/phpmyadmin-5.1.3/index.php HTTP/1.1" 200 14761 "http://192.168.0.12/info_memcd.php" "Mozilla/5.0 (Windows NT 10.0; Win64; x64; rv:126.0) Gecko/20100101 Firefox/126.0"
192.168.0.11 - - [10/May/2024:11:25:11 +0000] "GET /vendor/phpmyadmin-5.1.3/themes/pmahomme/jquery/jquery-ui.css HTTP/1.1" 200 36566 "-" "Mozilla/5.0 (Windows NT 10.0; Win64; x64; rv:126.0) Gecko/20100101 Firefox/126.0"
192.168.0.11 - - [10/May/2024:11:25:11 +0000] "GET /vendor/phpmyadmin-5.1.3/js/vendor/codemirror/addon/lint/lint.css?v=5.1.3 HTTP/1.1" 200 3035 "-" "Mozilla/5.0 (Windows NT 10.0; Win64; x64; rv:126.0) Gecko/20100101 Firefox/126.0"
192.168.0.11 - - [10/May/2024:11:25:11 +0000] "GET /vendor/phpmyadmin-5.1.3/js/vendor/codemirror/lib/codemirror.css?v=5.1.3 HTTP/1.1" 200 8709 "-" "Mozilla/5.0 (Windows NT 10.0; Win64; x64; rv:126.0) Gecko/20100101 Firefox/126.0"
192.168.0.11 - - [10/May/2024:11:25:11 +0000] "GET /vendor/phpmyadmin-5.1.3/js/vendor/codemirror/addon/hint/show-hint.css?v=5.1.3 HTTP/1.1" 200 623 "-" "Mozilla/5.0 (Windows NT 10.0; Win64; x64; rv:126.0) Gecko/20100101 Firefox/126.0"
192.168.0.11 - - [10/May/2024:11:25:11 +0000] "GET /vendor/phpmyadmin-5.1.3/js/vendor/jquery/jquery.min.js?v=5.1.3 HTTP/1.1" 200 89501 "-" "Mozilla/5.0 (Windows NT 10.0; Win64; x64; rv:126.0) Gecko/20100101 Firefox/126.0"
192.168.0.11 - - [10/May/2024:11:25:11 +0000] "GET /vendor/phpmyadmin-5.1.3/js/vendor/jquery/jquery-migrate.js?v=5.1.3 HTTP/1.1" 200 25300 "-" "Mozilla/5.0 (Windows NT 10.0; Win64; x64; rv:126.0) Gecko/20100101 Firefox/126.0"
192.168.0.11 - - [10/May/2024:11:25:11 +0000] "GET /vendor/phpmyadmin-5.1.3/js/vendor/sprintf.js?v=5.1.3 HTTP/1.1" 200 7409 "-" "Mozilla/5.0 (Windows NT 10.0; Win64; x64; rv:126.0) Gecko/20100101 Firefox/126.0"
192.168.0.11 - - [10/May/2024:11:25:11 +0000] "GET /vendor/phpmyadmin-5.1.3/themes/pmahomme/css/theme.css?v=5.1.3&nocache=71438623ltr&server=1 HTTP/1.1" 200 216144 "-" "Mozilla/5.0 (Windows NT 10.0; Win64; x64; rv:126.0) Gecko/20100101 Firefox/126.0"
192.168.0.11 - - [10/May/2024:11:25:11 +0000] "GET /vendor/phpmyadmin-5.1.3/js/dist/ajax.js?v=5.1.3 HTTP/1.1" 200 31330 "-" "Mozilla/5.0 (Windows NT 10.0; Win64; x64; rv:126.0) Gecko/20100101 Firefox/126.0"
192.168.0.11 - - [10/May/2024:11:25:11 +0000] "GET /vendor/phpmyadmin-5.1.3/js/dist/keyhandler.js?v=5.1.3 HTTP/1.1" 200 3003 "-" "Mozilla/5.0 (Windows NT 10.0; Win64; x64; rv:126.0) Gecko/20100101 Firefox/126.0"
192.168.0.11 - - [10/May/2024:11:25:11 +0000] "GET /vendor/phpmyadmin-5.1.3/js/vendor/bootstrap/bootstrap.bundle.min.js?v=5.1.3 HTTP/1.1" 200 83253 "-" "Mozilla/5.0 (Windows NT 10.0; Win64; x64; rv:126.0) Gecko/20100101 Firefox/126.0"
192.168.0.11 - - [10/May/2024:11:25:11 +0000] "GET /vendor/phpmyadmin-5.1.3/js/vendor/js.cookie.js?v=5.1.3 HTTP/1.1" 200 3883 "-" "Mozilla/5.0 (Windows NT 10.0; Win64; x64; rv:126.0) Gecko/20100101 Firefox/126.0"
192.168.0.11 - - [10/May/2024:11:25:11 +0000] "GET /vendor/phpmyadmin-5.1.3/js/vendor/jquery/jquery.mousewheel.js?v=5.1.3 HTTP/1.1" 200 8267 "-" "Mozilla/5.0 (Windows NT 10.0; Win64; x64; rv:126.0) Gecko/20100101 Firefox/126.0"
192.168.0.11 - - [10/May/2024:11:25:11 +0000] "GET /vendor/phpmyadmin-5.1.3/js/vendor/jquery/jquery.validate.js?v=5.1.3 HTTP/1.1" 200 50963 "-" "Mozilla/5.0 (Windows NT 10.0; Win64; x64; rv:126.0) Gecko/20100101 Firefox/126.0"
192.168.0.11 - - [10/May/2024:11:25:11 +0000] "GET /vendor/phpmyadmin-5.1.3/js/vendor/jquery/jquery-ui.min.js?v=5.1.3 HTTP/1.1" 200 253669 "-" "Mozilla/5.0 (Windows NT 10.0; Win64; x64; rv:126.0) Gecko/20100101 Firefox/126.0"
192.168.0.11 - - [10/May/2024:11:25:11 +0000] "GET /vendor/phpmyadmin-5.1.3/js/vendor/jquery/jquery-ui-timepicker-addon.js?v=5.1.3 HTTP/1.1" 200 78475 "-" "Mozilla/5.0 (Windows NT 10.0; Win64; x64; rv:126.0) Gecko/20100101 Firefox/126.0"
192.168.0.11 - - [10/May/2024:11:25:11 +0000] "GET /vendor/phpmyadmin-5.1.3/js/vendor/jquery/jquery.ba-hashchange-2.0.js?v=5.1.3 HTTP/1.1" 200 10505 "-" "Mozilla/5.0 (Windows NT 10.0; Win64; x64; rv:126.0) Gecko/20100101 Firefox/126.0"
192.168.0.11 - - [10/May/2024:11:25:11 +0000] "GET /vendor/phpmyadmin-5.1.3/js/vendor/jquery/jquery.debounce-1.0.6.js?v=5.1.3 HTTP/1.1" 200 1608 "-" "Mozilla/5.0 (Windows NT 10.0; Win64; x64; rv:126.0) Gecko/20100101 Firefox/126.0"
192.168.0.11 - - [10/May/2024:11:25:11 +0000] "GET /vendor/phpmyadmin-5.1.3/js/dist/menu_resizer.js?v=5.1.3 HTTP/1.1" 200 5687 "-" "Mozilla/5.0 (Windows NT 10.0; Win64; x64; rv:126.0) Gecko/20100101 Firefox/126.0"
192.168.0.11 - - [10/May/2024:11:25:11 +0000] "GET /vendor/phpmyadmin-5.1.3/js/dist/cross_framing_protection.js?v=5.1.3 HTTP/1.1" 200 419 "-" "Mozilla/5.0 (Windows NT 10.0; Win64; x64; rv:126.0) Gecko/20100101 Firefox/126.0"
